------------------------------------------------------------
Timing Analyzer Summary
------------------------------------------------------------

Type  : Slow 1100mV 85C Model Setup 'U90|pll_de0cv_inst|altera_pll_i|general[1].gpll~PLL_OUTPUT_COUNTER|divclk'
Slack : 1.842
TNS   : 0.000

Type  : Slow 1100mV 85C Model Setup 'U90|pll_de0cv_inst|altera_pll_i|general[0].gpll~PLL_OUTPUT_COUNTER|divclk'
Slack : 19.508
TNS   : 0.000

Type  : Slow 1100mV 85C Model Hold 'U90|pll_de0cv_inst|altera_pll_i|general[0].gpll~PLL_OUTPUT_COUNTER|divclk'
Slack : 0.246
TNS   : 0.000

Type  : Slow 1100mV 85C Model Hold 'U90|pll_de0cv_inst|altera_pll_i|general[1].gpll~PLL_OUTPUT_COUNTER|divclk'
Slack : 0.505
TNS   : 0.000

Type  : Slow 1100mV 85C Model Recovery 'U90|pll_de0cv_inst|altera_pll_i|general[0].gpll~PLL_OUTPUT_COUNTER|divclk'
Slack : 38.812
TNS   : 0.000

Type  : Slow 1100mV 85C Model Removal 'U90|pll_de0cv_inst|altera_pll_i|general[0].gpll~PLL_OUTPUT_COUNTER|divclk'
Slack : 3.124
TNS   : 0.000

Type  : Slow 1100mV 85C Model Minimum Pulse Width 'U90|pll_de0cv_inst|altera_pll_i|general[0].gpll~FRACTIONAL_PLL|vcoph[0]'
Slack : 1.164
TNS   : 0.000

Type  : Slow 1100mV 85C Model Minimum Pulse Width 'U90|pll_de0cv_inst|altera_pll_i|general[1].gpll~PLL_OUTPUT_COUNTER|divclk'
Slack : 4.966
TNS   : 0.000

Type  : Slow 1100mV 85C Model Minimum Pulse Width 'CLOCK_50'
Slack : 9.731
TNS   : 0.000

Type  : Slow 1100mV 85C Model Minimum Pulse Width 'U90|pll_de0cv_inst|altera_pll_i|general[0].gpll~PLL_OUTPUT_COUNTER|divclk'
Slack : 21.865
TNS   : 0.000

Type  : Slow 1100mV 0C Model Setup 'U90|pll_de0cv_inst|altera_pll_i|general[1].gpll~PLL_OUTPUT_COUNTER|divclk'
Slack : 2.117
TNS   : 0.000

Type  : Slow 1100mV 0C Model Setup 'U90|pll_de0cv_inst|altera_pll_i|general[0].gpll~PLL_OUTPUT_COUNTER|divclk'
Slack : 19.503
TNS   : 0.000

Type  : Slow 1100mV 0C Model Hold 'U90|pll_de0cv_inst|altera_pll_i|general[0].gpll~PLL_OUTPUT_COUNTER|divclk'
Slack : 0.118
TNS   : 0.000

Type  : Slow 1100mV 0C Model Hold 'U90|pll_de0cv_inst|altera_pll_i|general[1].gpll~PLL_OUTPUT_COUNTER|divclk'
Slack : 0.475
TNS   : 0.000

Type  : Slow 1100mV 0C Model Recovery 'U90|pll_de0cv_inst|altera_pll_i|general[0].gpll~PLL_OUTPUT_COUNTER|divclk'
Slack : 38.813
TNS   : 0.000

Type  : Slow 1100mV 0C Model Removal 'U90|pll_de0cv_inst|altera_pll_i|general[0].gpll~PLL_OUTPUT_COUNTER|divclk'
Slack : 3.020
TNS   : 0.000

Type  : Slow 1100mV 0C Model Minimum Pulse Width 'U90|pll_de0cv_inst|altera_pll_i|general[0].gpll~FRACTIONAL_PLL|vcoph[0]'
Slack : 1.164
TNS   : 0.000

Type  : Slow 1100mV 0C Model Minimum Pulse Width 'U90|pll_de0cv_inst|altera_pll_i|general[1].gpll~PLL_OUTPUT_COUNTER|divclk'
Slack : 4.883
TNS   : 0.000

Type  : Slow 1100mV 0C Model Minimum Pulse Width 'CLOCK_50'
Slack : 9.741
TNS   : 0.000

Type  : Slow 1100mV 0C Model Minimum Pulse Width 'U90|pll_de0cv_inst|altera_pll_i|general[0].gpll~PLL_OUTPUT_COUNTER|divclk'
Slack : 21.827
TNS   : 0.000

Type  : Fast 1100mV 85C Model Setup 'U90|pll_de0cv_inst|altera_pll_i|general[1].gpll~PLL_OUTPUT_COUNTER|divclk'
Slack : 3.700
TNS   : 0.000

Type  : Fast 1100mV 85C Model Setup 'U90|pll_de0cv_inst|altera_pll_i|general[0].gpll~PLL_OUTPUT_COUNTER|divclk'
Slack : 21.058
TNS   : 0.000

Type  : Fast 1100mV 85C Model Hold 'U90|pll_de0cv_inst|altera_pll_i|general[0].gpll~PLL_OUTPUT_COUNTER|divclk'
Slack : 0.134
TNS   : 0.000

Type  : Fast 1100mV 85C Model Hold 'U90|pll_de0cv_inst|altera_pll_i|general[1].gpll~PLL_OUTPUT_COUNTER|divclk'
Slack : 0.183
TNS   : 0.000

Type  : Fast 1100mV 85C Model Recovery 'U90|pll_de0cv_inst|altera_pll_i|general[0].gpll~PLL_OUTPUT_COUNTER|divclk'
Slack : 42.805
TNS   : 0.000

Type  : Fast 1100mV 85C Model Removal 'U90|pll_de0cv_inst|altera_pll_i|general[0].gpll~PLL_OUTPUT_COUNTER|divclk'
Slack : 1.815
TNS   : 0.000

Type  : Fast 1100mV 85C Model Minimum Pulse Width 'U90|pll_de0cv_inst|altera_pll_i|general[0].gpll~FRACTIONAL_PLL|vcoph[0]'
Slack : 1.164
TNS   : 0.000

Type  : Fast 1100mV 85C Model Minimum Pulse Width 'U90|pll_de0cv_inst|altera_pll_i|general[1].gpll~PLL_OUTPUT_COUNTER|divclk'
Slack : 5.369
TNS   : 0.000

Type  : Fast 1100mV 85C Model Minimum Pulse Width 'CLOCK_50'
Slack : 9.336
TNS   : 0.000

Type  : Fast 1100mV 85C Model Minimum Pulse Width 'U90|pll_de0cv_inst|altera_pll_i|general[0].gpll~PLL_OUTPUT_COUNTER|divclk'
Slack : 22.162
TNS   : 0.000

Type  : Fast 1100mV 0C Model Setup 'U90|pll_de0cv_inst|altera_pll_i|general[1].gpll~PLL_OUTPUT_COUNTER|divclk'
Slack : 3.771
TNS   : 0.000

Type  : Fast 1100mV 0C Model Setup 'U90|pll_de0cv_inst|altera_pll_i|general[0].gpll~PLL_OUTPUT_COUNTER|divclk'
Slack : 21.280
TNS   : 0.000

Type  : Fast 1100mV 0C Model Hold 'U90|pll_de0cv_inst|altera_pll_i|general[0].gpll~PLL_OUTPUT_COUNTER|divclk'
Slack : 0.083
TNS   : 0.000

Type  : Fast 1100mV 0C Model Hold 'U90|pll_de0cv_inst|altera_pll_i|general[1].gpll~PLL_OUTPUT_COUNTER|divclk'
Slack : 0.178
TNS   : 0.000

Type  : Fast 1100mV 0C Model Recovery 'U90|pll_de0cv_inst|altera_pll_i|general[0].gpll~PLL_OUTPUT_COUNTER|divclk'
Slack : 42.949
TNS   : 0.000

Type  : Fast 1100mV 0C Model Removal 'U90|pll_de0cv_inst|altera_pll_i|general[0].gpll~PLL_OUTPUT_COUNTER|divclk'
Slack : 1.702
TNS   : 0.000

Type  : Fast 1100mV 0C Model Minimum Pulse Width 'U90|pll_de0cv_inst|altera_pll_i|general[0].gpll~FRACTIONAL_PLL|vcoph[0]'
Slack : 1.164
TNS   : 0.000

Type  : Fast 1100mV 0C Model Minimum Pulse Width 'U90|pll_de0cv_inst|altera_pll_i|general[1].gpll~PLL_OUTPUT_COUNTER|divclk'
Slack : 5.360
TNS   : 0.000

Type  : Fast 1100mV 0C Model Minimum Pulse Width 'CLOCK_50'
Slack : 9.286
TNS   : 0.000

Type  : Fast 1100mV 0C Model Minimum Pulse Width 'U90|pll_de0cv_inst|altera_pll_i|general[0].gpll~PLL_OUTPUT_COUNTER|divclk'
Slack : 22.164
TNS   : 0.000

------------------------------------------------------------
